Archive member included because of file (symbol)

c:/infineon/tools/dave ide/4.5.0.202105191637/eclipse/arm-gcc-49/bin/../lib/gcc/arm-none-eabi/4.9.3/armv6-m\libgcc.a(_fixunssfsi.o)
                              ./Libraries/XMCLib/src/xmc_usic.o (__aeabi_f2uiz)
c:/infineon/tools/dave ide/4.5.0.202105191637/eclipse/arm-gcc-49/bin/../lib/gcc/arm-none-eabi/4.9.3/armv6-m\libgcc.a(divsf3.o)
                              ./Libraries/XMCLib/src/xmc_usic.o (__aeabi_fdiv)
c:/infineon/tools/dave ide/4.5.0.202105191637/eclipse/arm-gcc-49/bin/../lib/gcc/arm-none-eabi/4.9.3/armv6-m\libgcc.a(mulsf3.o)
                              ./Libraries/XMCLib/src/xmc_usic.o (__aeabi_fmul)
c:/infineon/tools/dave ide/4.5.0.202105191637/eclipse/arm-gcc-49/bin/../lib/gcc/arm-none-eabi/4.9.3/armv6-m\libgcc.a(subsf3.o)
                              c:/infineon/tools/dave ide/4.5.0.202105191637/eclipse/arm-gcc-49/bin/../lib/gcc/arm-none-eabi/4.9.3/armv6-m\libgcc.a(_fixunssfsi.o) (__aeabi_fsub)
c:/infineon/tools/dave ide/4.5.0.202105191637/eclipse/arm-gcc-49/bin/../lib/gcc/arm-none-eabi/4.9.3/armv6-m\libgcc.a(fixsfsi.o)
                              c:/infineon/tools/dave ide/4.5.0.202105191637/eclipse/arm-gcc-49/bin/../lib/gcc/arm-none-eabi/4.9.3/armv6-m\libgcc.a(_fixunssfsi.o) (__aeabi_f2iz)
c:/infineon/tools/dave ide/4.5.0.202105191637/eclipse/arm-gcc-49/bin/../lib/gcc/arm-none-eabi/4.9.3/armv6-m\libgcc.a(floatunsisf.o)
                              ./Libraries/XMCLib/src/xmc_usic.o (__aeabi_ui2f)
c:/infineon/tools/dave ide/4.5.0.202105191637/eclipse/arm-gcc-49/bin/../lib/gcc/arm-none-eabi/4.9.3/armv6-m\libgcc.a(_arm_cmpsf2.o)
                              c:/infineon/tools/dave ide/4.5.0.202105191637/eclipse/arm-gcc-49/bin/../lib/gcc/arm-none-eabi/4.9.3/armv6-m\libgcc.a(_fixunssfsi.o) (__aeabi_fcmpge)
c:/infineon/tools/dave ide/4.5.0.202105191637/eclipse/arm-gcc-49/bin/../lib/gcc/arm-none-eabi/4.9.3/armv6-m\libgcc.a(_clzsi2.o)
                              c:/infineon/tools/dave ide/4.5.0.202105191637/eclipse/arm-gcc-49/bin/../lib/gcc/arm-none-eabi/4.9.3/armv6-m\libgcc.a(divsf3.o) (__clzsi2)
c:/infineon/tools/dave ide/4.5.0.202105191637/eclipse/arm-gcc-49/bin/../lib/gcc/arm-none-eabi/4.9.3/armv6-m\libgcc.a(eqsf2.o)
                              c:/infineon/tools/dave ide/4.5.0.202105191637/eclipse/arm-gcc-49/bin/../lib/gcc/arm-none-eabi/4.9.3/armv6-m\libgcc.a(_arm_cmpsf2.o) (__eqsf2)
c:/infineon/tools/dave ide/4.5.0.202105191637/eclipse/arm-gcc-49/bin/../lib/gcc/arm-none-eabi/4.9.3/armv6-m\libgcc.a(gesf2.o)
                              c:/infineon/tools/dave ide/4.5.0.202105191637/eclipse/arm-gcc-49/bin/../lib/gcc/arm-none-eabi/4.9.3/armv6-m\libgcc.a(_arm_cmpsf2.o) (__gesf2)
c:/infineon/tools/dave ide/4.5.0.202105191637/eclipse/arm-gcc-49/bin/../lib/gcc/arm-none-eabi/4.9.3/armv6-m\libgcc.a(lesf2.o)
                              c:/infineon/tools/dave ide/4.5.0.202105191637/eclipse/arm-gcc-49/bin/../lib/gcc/arm-none-eabi/4.9.3/armv6-m\libgcc.a(_arm_cmpsf2.o) (__lesf2)
c:/infineon/tools/dave ide/4.5.0.202105191637/eclipse/arm-gcc-49/bin/../lib/gcc/arm-none-eabi/4.9.3/../../../../arm-none-eabi/lib/armv6-m\libg_nano.a(lib_a-errno.o)
                              ./Libraries/Newlib/syscalls.o (__errno)
c:/infineon/tools/dave ide/4.5.0.202105191637/eclipse/arm-gcc-49/bin/../lib/gcc/arm-none-eabi/4.9.3/../../../../arm-none-eabi/lib/armv6-m\libg_nano.a(lib_a-impure.o)
                              c:/infineon/tools/dave ide/4.5.0.202105191637/eclipse/arm-gcc-49/bin/../lib/gcc/arm-none-eabi/4.9.3/../../../../arm-none-eabi/lib/armv6-m\libg_nano.a(lib_a-errno.o) (_impure_ptr)
c:/infineon/tools/dave ide/4.5.0.202105191637/eclipse/arm-gcc-49/bin/../lib/gcc/arm-none-eabi/4.9.3/../../../../arm-none-eabi/lib/armv6-m\libg_nano.a(lib_a-init.o)
                              ./Startup/startup_XMC1400.o (__libc_init_array)
c:/infineon/tools/dave ide/4.5.0.202105191637/eclipse/arm-gcc-49/bin/../lib/gcc/arm-none-eabi/4.9.3/../../../../arm-none-eabi/lib/armv6-m\libg_nano.a(lib_a-memcpy.o)
                              ./Dave/Generated/FREERTOS/queue.o (memcpy)
c:/infineon/tools/dave ide/4.5.0.202105191637/eclipse/arm-gcc-49/bin/../lib/gcc/arm-none-eabi/4.9.3/../../../../arm-none-eabi/lib/armv6-m\libg_nano.a(lib_a-memset.o)
                              ./Dave/Generated/FREERTOS/stream_buffer.o (memset)
c:/infineon/tools/dave ide/4.5.0.202105191637/eclipse/arm-gcc-49/bin/../lib/gcc/arm-none-eabi/4.9.3/../../../../arm-none-eabi/lib/armv6-m\libg_nano.a(lib_a-sprintf.o)
                              ./Dave/Generated/FREERTOS/tasks.o (sprintf)
c:/infineon/tools/dave ide/4.5.0.202105191637/eclipse/arm-gcc-49/bin/../lib/gcc/arm-none-eabi/4.9.3/../../../../arm-none-eabi/lib/armv6-m\libg_nano.a(lib_a-strcpy.o)
                              ./Dave/Generated/FREERTOS/tasks.o (strcpy)
c:/infineon/tools/dave ide/4.5.0.202105191637/eclipse/arm-gcc-49/bin/../lib/gcc/arm-none-eabi/4.9.3/../../../../arm-none-eabi/lib/armv6-m\libg_nano.a(lib_a-strlen.o)
[...]
Memory Configuration

Name             Origin             Length             Attributes
FLASH            0x10001000         0x00032000         xr
SRAM             0x20000000         0x00004000         !xr
*default*        0x00000000         0xffffffff

Linker script and memory map

LOAD ./Startup/startup_XMC1400.o
LOAD ./Startup/system_XMC1400.o
LOAD ./Libraries/XMCLib/src/xmc1_eru.o
LOAD ./Libraries/XMCLib/src/xmc1_flash.o
LOAD ./Libraries/XMCLib/src/xmc1_gpio.o
LOAD ./Libraries/XMCLib/src/xmc1_rtc.o
LOAD ./Libraries/XMCLib/src/xmc1_scu.o
LOAD ./Libraries/XMCLib/src/xmc_acmp.o
LOAD ./Libraries/XMCLib/src/xmc_bccu.o
LOAD ./Libraries/XMCLib/src/xmc_can.o
LOAD ./Libraries/XMCLib/src/xmc_ccu4.o
LOAD ./Libraries/XMCLib/src/xmc_ccu8.o
LOAD ./Libraries/XMCLib/src/xmc_common.o
LOAD ./Libraries/XMCLib/src/xmc_eru.o
LOAD ./Libraries/XMCLib/src/xmc_gpio.o
LOAD ./Libraries/XMCLib/src/xmc_i2c.o
LOAD ./Libraries/XMCLib/src/xmc_i2s.o
LOAD ./Libraries/XMCLib/src/xmc_ledts.o
LOAD ./Libraries/XMCLib/src/xmc_math.o
LOAD ./Libraries/XMCLib/src/xmc_pau.o
LOAD ./Libraries/XMCLib/src/xmc_posif.o
LOAD ./Libraries/XMCLib/src/xmc_prng.o
LOAD ./Libraries/XMCLib/src/xmc_rtc.o
LOAD ./Libraries/XMCLib/src/xmc_spi.o
LOAD ./Libraries/XMCLib/src/xmc_uart.o
LOAD ./Libraries/XMCLib/src/xmc_usic.o
LOAD ./Libraries/XMCLib/src/xmc_vadc.o
LOAD ./Libraries/XMCLib/src/xmc_wdt.o
LOAD ./Libraries/Newlib/syscalls.o
LOAD ./Dave/Generated/GLOBAL_CCU4/global_ccu4.o
LOAD ./Dave/Generated/GLOBAL_CCU4/global_ccu4_conf.o
LOAD ./Dave/Generated/FREERTOS/portable/Keil/port.o
LOAD ./Dave/Generated/FREERTOS/portable/IAR/port.o
LOAD ./Dave/Generated/FREERTOS/portable/IAR/portasm.o
LOAD ./Dave/Generated/FREERTOS/portable/GCC/port.o
LOAD ./Dave/Generated/FREERTOS/croutine.o
LOAD ./Dave/Generated/FREERTOS/event_groups.o
LOAD ./Dave/Generated/FREERTOS/freertos.o
LOAD ./Dave/Generated/FREERTOS/heap.o
LOAD ./Dave/Generated/FREERTOS/list.o
LOAD ./Dave/Generated/FREERTOS/mpu_wrappers.o
LOAD ./Dave/Generated/FREERTOS/queue.o
LOAD ./Dave/Generated/FREERTOS/stream_buffer.o
LOAD ./Dave/Generated/FREERTOS/tasks.o
LOAD ./Dave/Generated/FREERTOS/timers.o
LOAD ./Dave/Generated/DIGITAL_IO/digital_io.o
LOAD ./Dave/Generated/DIGITAL_IO/digital_io_conf.o
LOAD ./Dave/Generated/CPU_CTRL_XMC1/cpu_ctrl_xmc1.o
LOAD ./Dave/Generated/CPU_CTRL_XMC1/cpu_ctrl_xmc1_conf.o
LOAD ./Dave/Generated/CLOCK_XMC1/clock_xmc1.o
LOAD ./Dave/Generated/CLOCK_XMC1/clock_xmc1_conf.o
LOAD ./Dave/Generated/DAVE.o
LOAD ./main.o
LOAD c:/infineon/tools/dave ide/4.5.0.202105191637/eclipse/arm-gcc-49/bin/../lib/gcc/arm-none-eabi/4.9.3/../../../../arm-none-eabi/lib/armv6-m\libm.a
START GROUP
LOAD c:/infineon/tools/dave ide/4.5.0.202105191637/eclipse/arm-gcc-49/bin/../lib/gcc/arm-none-eabi/4.9.3/armv6-m\libgcc.a
LOAD c:/infineon/tools/dave ide/4.5.0.202105191637/eclipse/arm-gcc-49/bin/../lib/gcc/arm-none-eabi/4.9.3/../../../../arm-none-eabi/lib/armv6-m\libg_nano.a
LOAD c:/infineon/tools/dave ide/4.5.0.202105191637/eclipse/arm-gcc-49/bin/../lib/gcc/arm-none-eabi/4.9.3/../../../../arm-none-eabi/lib/armv6-m\libc_nano.a
END GROUP
START GROUP
LOAD c:/infineon/tools/dave ide/4.5.0.202105191637/eclipse/arm-gcc-49/bin/../lib/gcc/arm-none-eabi/4.9.3/armv6-m\libgcc.a
LOAD c:/infineon/tools/dave ide/4.5.0.202105191637/eclipse/arm-gcc-49/bin/../lib/gcc/arm-none-eabi/4.9.3/../../../../arm-none-eabi/lib/armv6-m\libc_nano.a
LOAD c:/infineon/tools/dave ide/4.5.0.202105191637/eclipse/arm-gcc-49/bin/../lib/gcc/arm-none-eabi/4.9.3/../../../../arm-none-eabi/lib/armv6-m\libnosys.a
END GROUP
START GROUP
LOAD c:/infineon/tools/dave ide/4.5.0.202105191637/eclipse/arm-gcc-49/bin/../lib/gcc/arm-none-eabi/4.9.3/armv6-m\libgcc.a
LOAD c:/infineon/tools/dave ide/4.5.0.202105191637/eclipse/arm-gcc-49/bin/../lib/gcc/arm-none-eabi/4.9.3/../../../../arm-none-eabi/lib/armv6-m\libc_nano.a
LOAD c:/infineon/tools/dave ide/4.5.0.202105191637/eclipse/arm-gcc-49/bin/../lib/gcc/arm-none-eabi/4.9.3/../../../../arm-none-eabi/lib/armv6-m\libnosys.a
END GROUP
                0x00000400                stack_size = DEFINED (stack_size)?stack_size:0x400
                0x00000004                no_init_size = 0x4

.text           0x10001000     0x2e80
                0x10001000                sText = .
 *(.reset)
 .reset         0x10001000       0xa0 ./Startup/startup_XMC1400.o
                0x10001000                __Vectors
                0x1000101c                Reset_Handler
                0x1000109c                IRQ0_Handler
                0x1000109c                IRQ5_Handler
                0x1000109c                IRQ16_Handler
                0x1000109c                IRQ4_Handler
                0x1000109c                HardFault_Handler
                0x1000109c                IRQ23_Handler
                0x1000109c                IRQ22_Handler
                0x1000109c                IRQ29_Handler
                0x1000109c                IRQ20_Handler
                0x1000109c                IRQ13_Handler
                0x1000109c                IRQ25_Handler
                0x1000109c                IRQ30_Handler
                0x1000109c                IRQ21_Handler
                0x1000109c                IRQ31_Handler
                0x1000109c                IRQ28_Handler
                0x1000109c                IRQ2_Handler
                0x1000109c                IRQ10_Handler
                0x1000109c                IRQ24_Handler
                0x1000109c                IRQ1_Handler
                0x1000109c                IRQ19_Handler
                0x1000109c                IRQ6_Handler
                0x1000109c                IRQ15_Handler
                0x1000109c                IRQ18_Handler
                0x1000109c                IRQ11_Handler
                0x1000109c                IRQ14_Handler
                0x1000109c                IRQ9_Handler
                0x1000109c                IRQ7_Handler
                0x1000109c                IRQ12_Handler
                0x1000109c                IRQ8_Handler
                0x1000109c                IRQ3_Handler
                0x1000109c                IRQ27_Handler
                0x1000109c                IRQ26_Handler
                0x1000109c                IRQ17_Handler
 *(.text .text.* .gnu.linkonce.t.*)
 .text.SystemInit
                0x100010a0       0x10 ./Startup/system_XMC1400.o
                0x100010a0                SystemInit
 .text.SystemCoreClockUpdate
                0x100010b0       0xc8 ./Startup/system_XMC1400.o
                0x100010b0                SystemCoreClockUpdate
 .text.OSCHP_GetFrequency
                0x10001178       0x10 ./Startup/system_XMC1400.o
                0x10001178                OSCHP_GetFrequency
 .text.XMC_GPIO_Init
                0x10001188      0x17c ./Libraries/XMCLib/src/xmc1_gpio.o
                0x10001188                XMC_GPIO_Init
 .text.XMC_SCU_LockProtectedBits
                0x10001304       0x14 ./Libraries/XMCLib/src/xmc1_scu.o
                0x10001304                XMC_SCU_LockProtectedBits
 .text.XMC_SCU_UnlockProtectedBits
                0x10001318       0x20 ./Libraries/XMCLib/src/xmc1_scu.o
                0x10001318                XMC_SCU_UnlockProtectedBits
 .text.XMC_SCU_CLOCK_Init
                0x10001338      0x168 ./Libraries/XMCLib/src/xmc1_scu.o
                0x10001338                XMC_SCU_CLOCK_Init
 .text.XMC_SCU_CLOCK_UngatePeripheralClock
                0x100014a0       0x34 ./Libraries/XMCLib/src/xmc1_scu.o
                0x100014a0                XMC_SCU_CLOCK_UngatePeripheralClock
 .text.XMC_SCU_CLOCK_ScaleMCLKFrequency
                0x100014d4       0xbc ./Libraries/XMCLib/src/xmc1_scu.o
                0x100014d4                XMC_SCU_CLOCK_ScaleMCLKFrequency
 .text.XMC_SCU_CLOCK_lFrequencyUpScaling
                0x10001590       0x54 ./Libraries/XMCLib/src/xmc1_scu.o
 .text.XMC_SCU_CLOCK_lFrequencyDownScaling
                0x100015e4       0x5c ./Libraries/XMCLib/src/xmc1_scu.o
 .text.XMC_CCU4_StartPrescaler
                0x10001640       0x18 ./Libraries/XMCLib/src/xmc_ccu4.o
 .text.XMC_CCU4_lUngateClock
                0x10001658       0x38 ./Libraries/XMCLib/src/xmc_ccu4.o
 .text.XMC_CCU4_EnableModule
                0x10001690       0x18 ./Libraries/XMCLib/src/xmc_ccu4.o
                0x10001690                XMC_CCU4_EnableModule
 .text.XMC_CCU4_Init
                0x100016a8       0x48 ./Libraries/XMCLib/src/xmc_ccu4.o
                0x100016a8                XMC_CCU4_Init
 .text.XMC_GPIO_SetHardwareControl
                0x100016f0       0x4c ./Libraries/XMCLib/src/xmc_gpio.o
                0x100016f0                XMC_GPIO_SetHardwareControl
 .text.__aeabi_uidiv
                0x1000173c       0x50 ./Libraries/XMCLib/src/xmc_math.o
                0x1000173c                __aeabi_uidiv
 .text._init    0x1000178c        0x8 ./Libraries/Newlib/syscalls.o
                0x1000178c                _init
 .text.XMC_CCU4_StartPrescaler
                0x10001794       0x18 ./Dave/Generated/GLOBAL_CCU4/global_ccu4.o
 .text.GLOBAL_CCU4_Init
                0x100017ac       0x40 ./Dave/Generated/GLOBAL_CCU4/global_ccu4.o
                0x100017ac                GLOBAL_CCU4_Init
 .text.pxPortInitialiseStack
                0x100017ec       0x54 ./Dave/Generated/FREERTOS/portable/GCC/port.o
                0x100017ec                pxPortInitialiseStack
 .text.prvTaskExitError
                0x10001840       0x2c ./Dave/Generated/FREERTOS/portable/GCC/port.o
 .text.SVC_Handler
                0x1000186c        0x8 ./Dave/Generated/FREERTOS/portable/GCC/port.o
                0x1000186c                SVC_Handler
 *fill*         0x10001874        0xc 
 .text.vPortStartFirstTask
                0x10001880       0x40 ./Dave/Generated/FREERTOS/portable/GCC/port.o
 .text.xPortStartScheduler
                0x100018c0       0x48 ./Dave/Generated/FREERTOS/portable/GCC/port.o
                0x100018c0                xPortStartScheduler
 .text.vPortYield
                0x10001908       0x1c ./Dave/Generated/FREERTOS/portable/GCC/port.o
                0x10001908                vPortYield
 .text.vPortEnterCritical
                0x10001924       0x20 ./Dave/Generated/FREERTOS/portable/GCC/port.o
                0x10001924                vPortEnterCritical
 .text.vPortExitCritical
                0x10001944       0x2c ./Dave/Generated/FREERTOS/portable/GCC/port.o
                0x10001944                vPortExitCritical
 .text.ulSetInterruptMaskFromISR
                0x10001970        0xc ./Dave/Generated/FREERTOS/portable/GCC/port.o
                0x10001970                ulSetInterruptMaskFromISR
 .text.vClearInterruptMaskFromISR
                0x1000197c        0x8 ./Dave/Generated/FREERTOS/portable/GCC/port.o
                0x1000197c                vClearInterruptMaskFromISR
 *fill*         0x10001984        0xc 
 .text.PendSV_Handler
                0x10001990       0x50 ./Dave/Generated/FREERTOS/portable/GCC/port.o
                0x10001990                PendSV_Handler
 .text.SysTick_Handler
                0x100019e0       0x30 ./Dave/Generated/FREERTOS/portable/GCC/port.o
                0x100019e0                SysTick_Handler
 .text.vPortSetupTimerInterrupt
                0x10001a10       0x40 ./Dave/Generated/FREERTOS/portable/GCC/port.o
                0x10001a10                vPortSetupTimerInterrupt
 .text.pvPortMalloc
                0x10001a50      0x158 ./Dave/Generated/FREERTOS/heap.o
                0x10001a50                pvPortMalloc
 .text.vPortFree
                0x10001ba8       0x9c ./Dave/Generated/FREERTOS/heap.o
                0x10001ba8                vPortFree
 .text.prvHeapInit
                0x10001c44       0xc0 ./Dave/Generated/FREERTOS/heap.o
 .text.prvInsertBlockIntoFreeList
                0x10001d04       0xac ./Dave/Generated/FREERTOS/heap.o
 .text.vListInitialise
                0x10001db0       0x3c ./Dave/Generated/FREERTOS/list.o
                0x10001db0                vListInitialise
 .text.vListInitialiseItem
                0x10001dec       0x14 ./Dave/Generated/FREERTOS/list.o
                0x10001dec                vListInitialiseItem
 .text.vListInsertEnd
                0x10001e00       0x44 ./Dave/Generated/FREERTOS/list.o
                0x10001e00                vListInsertEnd
 .text.vListInsert
                0x10001e44       0x6c ./Dave/Generated/FREERTOS/list.o
                0x10001e44                vListInsert
 .text.uxListRemove
                0x10001eb0       0x50 ./Dave/Generated/FREERTOS/list.o
                0x10001eb0                uxListRemove
 .text.xQueueGenericReset
                0x10001f00       0xa8 ./Dave/Generated/FREERTOS/queue.o
                0x10001f00                xQueueGenericReset
 .text.xQueueGenericCreate
                0x10001fa8       0x94 ./Dave/Generated/FREERTOS/queue.o
                0x10001fa8                xQueueGenericCreate
 .text.prvInitialiseNewQueue
                0x1000203c       0x54 ./Dave/Generated/FREERTOS/queue.o
 .text.xQueueGenericSend
                0x10002090      0x1c8 ./Dave/Generated/FREERTOS/queue.o
                0x10002090                xQueueGenericSend
 .text.xQueueGenericSendFromISR
                0x10002258      0x130 ./Dave/Generated/FREERTOS/queue.o
                0x10002258                xQueueGenericSendFromISR
 .text.xQueueReceive
                0x10002388      0x174 ./Dave/Generated/FREERTOS/queue.o
                0x10002388                xQueueReceive
 .text.prvCopyDataToQueue
                0x100024fc       0xe0 ./Dave/Generated/FREERTOS/queue.o
 .text.prvCopyDataFromQueue
                0x100025dc       0x50 ./Dave/Generated/FREERTOS/queue.o
 .text.prvUnlockQueue
                0x1000262c       0xd8 ./Dave/Generated/FREERTOS/queue.o
 .text.prvIsQueueEmpty
                0x10002704       0x2c ./Dave/Generated/FREERTOS/queue.o
 .text.prvIsQueueFull
                0x10002730       0x30 ./Dave/Generated/FREERTOS/queue.o
 .text.vQueueAddToRegistry
                0x10002760       0x4c ./Dave/Generated/FREERTOS/queue.o
                0x10002760                vQueueAddToRegistry
 .text.vQueueWaitForMessageRestricted
                0x100027ac       0x70 ./Dave/Generated/FREERTOS/queue.o
                0x100027ac                vQueueWaitForMessageRestricted
 .text.prvNotifyQueueSetContainer
                0x1000281c       0xac ./Dave/Generated/FREERTOS/queue.o
 .text.xTaskCreate
                0x100028c8       0x90 ./Dave/Generated/FREERTOS/tasks.o
                0x100028c8                xTaskCreate
 .text.prvInitialiseNewTask
                0x10002958      0x138 ./Dave/Generated/FREERTOS/tasks.o
 .text.prvAddNewTaskToReadyList
                0x10002a90       0xcc ./Dave/Generated/FREERTOS/tasks.o
 .text.vTaskDelay
                0x10002b5c       0x48 ./Dave/Generated/FREERTOS/tasks.o
                0x10002b5c                vTaskDelay
 .text.vTaskStartScheduler
                0x10002ba4       0x84 ./Dave/Generated/FREERTOS/tasks.o
                0x10002ba4                vTaskStartScheduler
 .text.vTaskSuspendAll
                0x10002c28       0x18 ./Dave/Generated/FREERTOS/tasks.o
                0x10002c28                vTaskSuspendAll
 .text.xTaskResumeAll
                0x10002c40      0x118 ./Dave/Generated/FREERTOS/tasks.o
                0x10002c40                xTaskResumeAll
 .text.xTaskGetTickCount
                0x10002d58       0x1c ./Dave/Generated/FREERTOS/tasks.o
                0x10002d58                xTaskGetTickCount
 .text.xTaskIncrementTick
                0x10002d74      0x160 ./Dave/Generated/FREERTOS/tasks.o
                0x10002d74                xTaskIncrementTick
 .text.vTaskSwitchContext
                0x10002ed4       0xa0 ./Dave/Generated/FREERTOS/tasks.o
                0x10002ed4                vTaskSwitchContext
 .text.vTaskPlaceOnEventList
                0x10002f74       0x38 ./Dave/Generated/FREERTOS/tasks.o
                0x10002f74                vTaskPlaceOnEventList
 .text.vTaskPlaceOnEventListRestricted
                0x10002fac       0x48 ./Dave/Generated/FREERTOS/tasks.o
                0x10002fac                vTaskPlaceOnEventListRestricted
 .text.xTaskRemoveFromEventList
                0x10002ff4       0xb8 ./Dave/Generated/FREERTOS/tasks.o
                0x10002ff4                xTaskRemoveFromEventList
 .text.vTaskInternalSetTimeOutState
                0x100030ac       0x28 ./Dave/Generated/FREERTOS/tasks.o
                0x100030ac                vTaskInternalSetTimeOutState
 .text.xTaskCheckForTimeOut
                0x100030d4       0xc8 ./Dave/Generated/FREERTOS/tasks.o
                0x100030d4                xTaskCheckForTimeOut
 .text.vTaskMissedYield
                0x1000319c       0x14 ./Dave/Generated/FREERTOS/tasks.o
                0x1000319c                vTaskMissedYield
 .text.prvIdleTask
                0x100031b0       0x20 ./Dave/Generated/FREERTOS/tasks.o
 .text.prvInitialiseTaskLists
                0x100031d0       0x88 ./Dave/Generated/FREERTOS/tasks.o
 .text.prvCheckTasksWaitingTermination
                0x10003258       0x58 ./Dave/Generated/FREERTOS/tasks.o
 .text.prvDeleteTCB
                0x100032b0       0x20 ./Dave/Generated/FREERTOS/tasks.o
 .text.prvResetNextTaskUnblockTime
                0x100032d0       0x30 ./Dave/Generated/FREERTOS/tasks.o
 .text.xTaskGetSchedulerState
                0x10003300       0x38 ./Dave/Generated/FREERTOS/tasks.o
                0x10003300                xTaskGetSchedulerState
 .text.xTaskPriorityDisinherit
                0x10003338       0xb8 ./Dave/Generated/FREERTOS/tasks.o
                0x10003338                xTaskPriorityDisinherit
 .text.prvAddCurrentTaskToDelayedList
                0x100033f0       0xb0 ./Dave/Generated/FREERTOS/tasks.o
 .text.xTimerCreateTimerTask
                0x100034a0       0x58 ./Dave/Generated/FREERTOS/timers.o
                0x100034a0                xTimerCreateTimerTask
 .text.xTimerGenericCommand
                0x100034f8       0xac ./Dave/Generated/FREERTOS/timers.o
                0x100034f8                xTimerGenericCommand
 .text.prvProcessExpiredTimer
                0x100035a4       0x88 ./Dave/Generated/FREERTOS/timers.o
 .text.prvTimerTask
                0x1000362c       0x28 ./Dave/Generated/FREERTOS/timers.o
 .text.prvProcessTimerOrBlockTask
                0x10003654       0x90 ./Dave/Generated/FREERTOS/timers.o
 .text.prvGetNextExpireTime
                0x100036e4       0x44 ./Dave/Generated/FREERTOS/timers.o
 .text.prvSampleTimeNow
                0x10003728       0x40 ./Dave/Generated/FREERTOS/timers.o
 .text.prvInsertTimerInActiveList
                0x10003768       0x84 ./Dave/Generated/FREERTOS/timers.o
 .text.prvProcessReceivedCommands
                0x100037ec      0x198 ./Dave/Generated/FREERTOS/timers.o
 .text.prvSwitchTimerLists
                0x10003984       0xbc ./Dave/Generated/FREERTOS/timers.o
 .text.prvCheckForValidListAndQueue
                0x10003a40       0x74 ./Dave/Generated/FREERTOS/timers.o
 .text.DIGITAL_IO_Init
                0x10003ab4       0x40 ./Dave/Generated/DIGITAL_IO/digital_io.o
                0x10003ab4                DIGITAL_IO_Init
 .text.SystemCoreSetup
                0x10003af4       0x18 ./Dave/Generated/CPU_CTRL_XMC1/cpu_ctrl_xmc1_conf.o
                0x10003af4                SystemCoreSetup
 .text.CLOCK_XMC1_Init
                0x10003b0c       0x84 ./Dave/Generated/CLOCK_XMC1/clock_xmc1.o
                0x10003b0c                CLOCK_XMC1_Init
 .text.SystemCoreClockSetup
                0x10003b90       0x24 ./Dave/Generated/CLOCK_XMC1/clock_xmc1_conf.o
                0x10003b90                SystemCoreClockSetup
 .text.DAVE_Init
                0x10003bb4       0x94 ./Dave/Generated/DAVE.o
                0x10003bb4                DAVE_Init
 .text.XMC_GPIO_ToggleOutput
                0x10003c48       0x24 ./main.o
 .text.DIGITAL_IO_ToggleOutput
                0x10003c6c       0x20 ./main.o
 .text.main     0x10003c8c       0x88 ./main.o
                0x10003c8c                main
 .text.LED_Task0
                0x10003d14       0x1c ./main.o
 .text.LED_Task1
                0x10003d30       0x1c ./main.o
 .text.LED_Task2
                0x10003d4c       0x1c ./main.o
 .text.__libc_init_array
                0x10003d68       0x4c c:/infineon/tools/dave ide/4.5.0.202105191637/eclipse/arm-gcc-49/bin/../lib/gcc/arm-none-eabi/4.9.3/../../../../arm-none-eabi/lib/armv6-m\libg_nano.a(lib_a-init.o)
                0x10003d68                __libc_init_array
 .text.memcpy   0x10003db4       0x12 c:/infineon/tools/dave ide/4.5.0.202105191637/eclipse/arm-gcc-49/bin/../lib/gcc/arm-none-eabi/4.9.3/../../../../arm-none-eabi/lib/armv6-m\libg_nano.a(lib_a-memcpy.o)
                0x10003db4                memcpy
 .text.memset   0x10003dc6       0x10 c:/infineon/tools/dave ide/4.5.0.202105191637/eclipse/arm-gcc-49/bin/../lib/gcc/arm-none-eabi/4.9.3/../../../../arm-none-eabi/lib/armv6-m\libg_nano.a(lib_a-memset.o)
                0x10003dc6                memset
 *(.init)
 *(.fini)
 *crtbegin.o(.ctors)
 *crtbegin?.o(.ctors)
 *(EXCLUDE_FILE(*crtend.o *crtend?.o) .ctors)
 *(SORT(.ctors.*))
 *(.ctors)
 *crtbegin.o(.dtors)
 *crtbegin?.o(.dtors)
 *(EXCLUDE_FILE(*crtend.o *crtend?.o) .dtors)
 *(SORT(.dtors.*))
 *(.dtors)
 *(.rodata .rodata.*)
 *fill*         0x10003dd6        0x2 
 .rodata        0x10003dd8       0x18 ./Dave/Generated/FREERTOS/tasks.o
 .rodata        0x10003df0       0x10 ./Dave/Generated/FREERTOS/timers.o
 .rodata.prvProcessReceivedCommands
                0x10003e00       0x28 ./Dave/Generated/FREERTOS/timers.o
 .rodata.DIGITAL_IO_0
                0x10003e28       0x10 ./Dave/Generated/DIGITAL_IO/digital_io_conf.o
                0x10003e28                DIGITAL_IO_0
 .rodata.DIGITAL_IO_1
                0x10003e38       0x10 ./Dave/Generated/DIGITAL_IO/digital_io_conf.o
                0x10003e38                DIGITAL_IO_1
 .rodata.DIGITAL_IO_2
                0x10003e48       0x10 ./Dave/Generated/DIGITAL_IO/digital_io_conf.o
                0x10003e48                DIGITAL_IO_2
 .rodata        0x10003e58       0x10 ./Dave/Generated/CLOCK_XMC1/clock_xmc1_conf.o
 .rodata        0x10003e68       0x18 ./main.o
 *(.gnu.linkonce.r*)
 *(vtable)
                0x10003e80                . = ALIGN (0x4)

.glue_7         0x10003e80        0x0
 .glue_7        0x00000000        0x0 linker stubs

.glue_7t        0x10003e80        0x0
 .glue_7t       0x00000000        0x0 linker stubs

.vfp11_veneer   0x10003e80        0x0
 .vfp11_veneer  0x00000000        0x0 linker stubs

.v4_bx          0x10003e80        0x0
 .v4_bx         0x00000000        0x0 linker stubs

.iplt           0x10003e80        0x0
 .iplt          0x00000000        0x0 ./Startup/startup_XMC1400.o

.eh_frame_hdr
 *(.eh_frame_hdr)

.eh_frame
 *(.eh_frame)

.ARM.extab
 *(.ARM.extab* .gnu.linkonce.armextab.*)
                0x10003e80                . = ALIGN (0x4)
                0x10003e80                __exidx_start = .

.ARM.exidx
 *(.ARM.exidx* .gnu.linkonce.armexidx.*)
                0x10003e80                __exidx_end = .
                0x10003e80                . = ALIGN (0x4)

.VENEER_Code    0x2000000c      0x144 load address 0x10003e80
                0x2000000c                . = ALIGN (0x4)
                0x2000000c                VeneerStart = .
 *(.XmcVeneerCode)
 .XmcVeneerCode
                0x2000000c      0x144 ./Startup/startup_XMC1400.o
                0x2000000c                HardFault_Veener
                0x2000002c                SVC_Veener
                0x20000038                PendSV_Veener
                0x2000003c                SysTick_Veener
                0x20000040                IRQ0_Veener
                0x20000044                IRQ1_Veener
                0x20000048                IRQ2_Veener
                0x2000004c                IRQ3_Veener
                0x20000050                IRQ4_Veener
                0x20000054                IRQ5_Veener
                0x20000058                IRQ6_Veener
                0x2000005c                IRQ7_Veener
                0x20000060                IRQ8_Veener
                0x20000064                IRQ9_Veener
                0x20000068                IRQ10_Veener
                0x2000006c                IRQ11_Veener
                0x20000070                IRQ12_Veener
                0x20000074                IRQ13_Veener
                0x20000078                IRQ14_Veener
                0x2000007c                IRQ15_Veener
                0x20000080                IRQ16_Veener
                0x20000084                IRQ17_Veener
                0x20000088                IRQ18_Veener
                0x2000008c                IRQ19_Veener
                0x20000090                IRQ20_Veener
                0x20000094                IRQ21_Veener
                0x20000098                IRQ22_Veener
                0x2000009c                IRQ23_Veener
                0x200000a0                IRQ24_Veener
                0x200000a4                IRQ25_Veener
                0x200000a8                IRQ26_Veener
                0x200000ac                IRQ27_Veener
                0x200000b0                IRQ28_Veener
                0x200000b4                IRQ29_Veener
                0x200000b8                IRQ30_Veener
                0x200000bc                IRQ31_Veener
                0x20000150                . = ALIGN (0x4)
                0x20000150                VeneerEnd = .
                0x10003e80                eROData = LOADADDR (.VENEER_Code)
                0x00000144                VeneerSize = (ABSOLUTE (VeneerEnd) - ABSOLUTE (VeneerStart))

.rel.dyn        0x20000150        0x0 load address 0x10003fc4
 .rel.iplt      0x00000000        0x0 ./Startup/startup_XMC1400.o

Stack           0x20000150      0x400 load address 0x00000000
                0x20000150                . = ALIGN (0x8)
                0x20000550                . = (. + stack_size)
 *fill*         0x20000150      0x400 
                0x20000550                __initial_sp = .

.data           0x20000550       0x18 load address 0x10003fc4
                0x20000550                . = ALIGN (0x4)
                0x20000550                __data_start = .
 *(.data)
 *(.data*)
 .data.GLOBAL_CCU4_0
                0x20000550       0x10 ./Dave/Generated/GLOBAL_CCU4/global_ccu4_conf.o
                0x20000550                GLOBAL_CCU4_0
 .data.uxCriticalNesting
                0x20000560        0x4 ./Dave/Generated/FREERTOS/portable/GCC/port.o
 .data.uxTopUsedPriority
                0x20000564        0x4 ./Dave/Generated/FREERTOS/tasks.o
                0x20000564                uxTopUsedPriority
 *(*.data)
 *(.gnu.linkonce.d*)
                0x20000568                . = ALIGN (0x4)
                0x20000568                PROVIDE (__preinit_array_start, .)
 *(.preinit_array)
                0x20000568                PROVIDE (__preinit_array_end, .)
                0x20000568                . = ALIGN (0x4)
                0x20000568                PROVIDE (__init_array_start, .)
 *(SORT(.init_array.*))
 *(.init_array)
                0x20000568                PROVIDE (__init_array_end, .)
                0x20000568                . = ALIGN (0x4)
                0x20000568                PROVIDE (__fini_array_start, .)
 *(SORT(.fini_array.*))
 *(.fini_array)
                0x20000568                PROVIDE (__fini_array_end, .)
                0x20000568                . = ALIGN (0x4)
                0x20000568                __data_end = .
                0x10003fc4                DataLoadAddr = LOADADDR (.data)
                0x00000018                __data_size = (__data_end - __data_start)

.igot.plt       0x20000568        0x0 load address 0x10003fdc
 .igot.plt      0x00000000        0x0 ./Startup/startup_XMC1400.o

.ram_code       0x20000568        0x0 load address 0x10003fdc
                0x20000568                . = ALIGN (0x4)
                0x20000568                __ram_code_start = .
 *(.ram_code)
                0x20000568                . = ALIGN (0x4)
                0x20000568                __ram_code_end = .
                0x10003fdc                __ram_code_load = LOADADDR (.ram_code)
                0x00000000                __ram_code_size = (__ram_code_end - __ram_code_start)
                0x00002fdc                __text_size = ((((__exidx_end - sText) + VeneerSize) + __data_size) + __ram_code_size)
                0x10003fdc                eText = (sText + __text_size)

.bss            0x20000568     0x28c0 load address 0x10003fdc
                0x20000568                . = ALIGN (0x4)
                0x20000568                __bss_start = .
 *(.bss)
 *(.bss*)
 .bss.IDIV.5134
                0x20000568        0x4 ./Startup/system_XMC1400.o
 .bss.FDIV.5135
                0x2000056c        0x4 ./Startup/system_XMC1400.o
 .bss.ucHeap    0x20000570     0x2710 ./Dave/Generated/FREERTOS/heap.o
 .bss.xStart    0x20002c80        0x8 ./Dave/Generated/FREERTOS/heap.o
 .bss.pxEnd     0x20002c88        0x4 ./Dave/Generated/FREERTOS/heap.o
 .bss.xFreeBytesRemaining
                0x20002c8c        0x4 ./Dave/Generated/FREERTOS/heap.o
 .bss.xMinimumEverFreeBytesRemaining
                0x20002c90        0x4 ./Dave/Generated/FREERTOS/heap.o
 .bss.xNumberOfSuccessfulAllocations
                0x20002c94        0x4 ./Dave/Generated/FREERTOS/heap.o
 .bss.xNumberOfSuccessfulFrees
                0x20002c98        0x4 ./Dave/Generated/FREERTOS/heap.o
 .bss.xBlockAllocatedBit
                0x20002c9c        0x4 ./Dave/Generated/FREERTOS/heap.o
 .bss.pxCurrentTCB
                0x20002ca0        0x4 ./Dave/Generated/FREERTOS/tasks.o
                0x20002ca0                pxCurrentTCB
 .bss.pxReadyTasksLists
                0x20002ca4       0x64 ./Dave/Generated/FREERTOS/tasks.o
 .bss.xDelayedTaskList1
                0x20002d08       0x14 ./Dave/Generated/FREERTOS/tasks.o
 .bss.xDelayedTaskList2
                0x20002d1c       0x14 ./Dave/Generated/FREERTOS/tasks.o
 .bss.pxDelayedTaskList
                0x20002d30        0x4 ./Dave/Generated/FREERTOS/tasks.o
 .bss.pxOverflowDelayedTaskList
                0x20002d34        0x4 ./Dave/Generated/FREERTOS/tasks.o
 .bss.xPendingReadyList
                0x20002d38       0x14 ./Dave/Generated/FREERTOS/tasks.o
 .bss.xTasksWaitingTermination
                0x20002d4c       0x14 ./Dave/Generated/FREERTOS/tasks.o
 .bss.uxDeletedTasksWaitingCleanUp
                0x20002d60        0x4 ./Dave/Generated/FREERTOS/tasks.o
 .bss.xSuspendedTaskList
                0x20002d64       0x14 ./Dave/Generated/FREERTOS/tasks.o
 .bss.uxCurrentNumberOfTasks
                0x20002d78        0x4 ./Dave/Generated/FREERTOS/tasks.o
 .bss.xTickCount
                0x20002d7c        0x4 ./Dave/Generated/FREERTOS/tasks.o
 .bss.uxTopReadyPriority
                0x20002d80        0x4 ./Dave/Generated/FREERTOS/tasks.o
 .bss.xSchedulerRunning
                0x20002d84        0x4 ./Dave/Generated/FREERTOS/tasks.o
 .bss.xPendedTicks
                0x20002d88        0x4 ./Dave/Generated/FREERTOS/tasks.o
 .bss.xYieldPending
                0x20002d8c        0x4 ./Dave/Generated/FREERTOS/tasks.o
 .bss.xNumOfOverflows
                0x20002d90        0x4 ./Dave/Generated/FREERTOS/tasks.o
 .bss.uxTaskNumber
                0x20002d94        0x4 ./Dave/Generated/FREERTOS/tasks.o
 .bss.xNextTaskUnblockTime
                0x20002d98        0x4 ./Dave/Generated/FREERTOS/tasks.o
 .bss.xIdleTaskHandle
                0x20002d9c        0x4 ./Dave/Generated/FREERTOS/tasks.o
 .bss.uxSchedulerSuspended
                0x20002da0        0x4 ./Dave/Generated/FREERTOS/tasks.o
 .bss.xActiveTimerList1
                0x20002da4       0x14 ./Dave/Generated/FREERTOS/timers.o
 .bss.xActiveTimerList2
                0x20002db8       0x14 ./Dave/Generated/FREERTOS/timers.o
 .bss.pxCurrentTimerList
                0x20002dcc        0x4 ./Dave/Generated/FREERTOS/timers.o
 .bss.pxOverflowTimerList
                0x20002dd0        0x4 ./Dave/Generated/FREERTOS/timers.o
 .bss.xTimerQueue
                0x20002dd4        0x4 ./Dave/Generated/FREERTOS/timers.o
 .bss.xTimerTaskHandle
                0x20002dd8        0x4 ./Dave/Generated/FREERTOS/timers.o
 .bss.xLastTime.6385
                0x20002ddc        0x4 ./Dave/Generated/FREERTOS/timers.o
 .bss.CLOCK_XMC1_0
                0x20002de0        0x4 ./Dave/Generated/CLOCK_XMC1/clock_xmc1_conf.o
                0x20002de0                CLOCK_XMC1_0
 *(COMMON)
 COMMON         0x20002de4       0x40 ./Dave/Generated/FREERTOS/queue.o
                0x20002de4                xQueueRegistry
 *(.gnu.linkonce.b*)
                0x20002e24                . = ALIGN (0x4)
                0x20002e24                __bss_end = .
                0x20002e28                . = ALIGN (0x8)
 *fill*         0x20002e24        0x4 
                0x20002e28                Heap_Bank1_Start = .
                0x000028bc                __bss_size = (__bss_end - __bss_start)

.no_init        0x20003ffc        0x4 load address 0x00003eac
                0x20003ffc                Heap_Bank1_End = .
 *(.no_init)
 .no_init       0x20003ffc        0x4 ./Startup/system_XMC1400.o
                0x20003ffc                SystemCoreClock
                0x000011d4                Heap_Bank1_Size = (Heap_Bank1_End - Heap_Bank1_Start)
                0x00000001                ASSERT ((Heap_Bank1_Start <= Heap_Bank1_End), region SRAM overflowed no_init section)

/DISCARD/
 *(.comment)

.stab
 *(.stab)

.stabstr
 *(.stabstr)

.debug
 *(.debug)

.line
 *(.line)

.debug_srcinfo
 *(.debug_srcinfo)

.debug_sfnames
 *(.debug_sfnames)

.debug_aranges  0x00000000      0xb70
 *(.debug_aranges)
 .debug_aranges
                0x00000000       0x28 ./Startup/startup_XMC1400.o
 .debug_aranges
                0x00000028       0x40 ./Startup/system_XMC1400.o
 .debug_aranges
                0x00000068       0x28 ./Libraries/XMCLib/src/xmc1_gpio.o
 .debug_aranges
                0x00000090      0x160 ./Libraries/XMCLib/src/xmc1_scu.o
 .debug_aranges
                0x000001f0      0x128 ./Libraries/XMCLib/src/xmc_ccu4.o
 .debug_aranges
                0x00000318       0x28 ./Libraries/XMCLib/src/xmc_gpio.o
 .debug_aranges
                0x00000340       0xf0 ./Libraries/XMCLib/src/xmc_math.o
 .debug_aranges
                0x00000430       0x28 ./Libraries/Newlib/syscalls.o
 .debug_aranges
                0x00000458       0x30 ./Dave/Generated/GLOBAL_CCU4/global_ccu4.o
 .debug_aranges
                0x00000488       0x18 ./Dave/Generated/GLOBAL_CCU4/global_ccu4_conf.o
 .debug_aranges
                0x000004a0       0x88 ./Dave/Generated/FREERTOS/portable/GCC/port.o
 .debug_aranges
                0x00000528       0x58 ./Dave/Generated/FREERTOS/heap.o
 .debug_aranges
                0x00000580       0x40 ./Dave/Generated/FREERTOS/list.o
 .debug_aranges
                0x000005c0      0x170 ./Dave/Generated/FREERTOS/queue.o
 .debug_aranges
                0x00000730      0x240 ./Dave/Generated/FREERTOS/tasks.o
 .debug_aranges
                0x00000970       0xe8 ./Dave/Generated/FREERTOS/timers.o
 .debug_aranges
                0x00000a58       0x28 ./Dave/Generated/DIGITAL_IO/digital_io.o
 .debug_aranges
                0x00000a80       0x18 ./Dave/Generated/DIGITAL_IO/digital_io_conf.o
 .debug_aranges
                0x00000a98       0x20 ./Dave/Generated/CPU_CTRL_XMC1/cpu_ctrl_xmc1_conf.o
 .debug_aranges
                0x00000ab8       0x30 ./Dave/Generated/CLOCK_XMC1/clock_xmc1.o
 .debug_aranges
                0x00000ae8       0x20 ./Dave/Generated/CLOCK_XMC1/clock_xmc1_conf.o
 .debug_aranges
                0x00000b08       0x20 ./Dave/Generated/DAVE.o
 .debug_aranges
                0x00000b28       0x48 ./main.o

.debug_pubnames
 *(.debug_pubnames)

.debug_pubtypes
 *(.debug_pubtypes)

.debug_info     0x00000000     0xbed0
 *(.debug_info .gnu.linkonce.wi.*)
 .debug_info    0x00000000       0x7c ./Startup/startup_XMC1400.o
 .debug_info    0x0000007c      0x617 ./Startup/system_XMC1400.o
 .debug_info    0x00000693      0x4f1 ./Libraries/XMCLib/src/xmc1_gpio.o
 .debug_info    0x00000b84     0x15df ./Libraries/XMCLib/src/xmc1_scu.o
 .debug_info    0x00002163     0x15e9 ./Libraries/XMCLib/src/xmc_ccu4.o
 .debug_info    0x0000374c      0x484 ./Libraries/XMCLib/src/xmc_gpio.o
 .debug_info    0x00003bd0      0xd46 ./Libraries/XMCLib/src/xmc_math.o
 .debug_info    0x00004916      0x11f ./Libraries/Newlib/syscalls.o
 .debug_info    0x00004a35      0x407 ./Dave/Generated/GLOBAL_CCU4/global_ccu4.o
 .debug_info    0x00004e3c      0x307 ./Dave/Generated/GLOBAL_CCU4/global_ccu4_conf.o
 .debug_info    0x00005143      0x36b ./Dave/Generated/FREERTOS/portable/GCC/port.o
 .debug_info    0x000054ae      0x4f0 ./Dave/Generated/FREERTOS/heap.o
 .debug_info    0x0000599e      0x398 ./Dave/Generated/FREERTOS/list.o
 .debug_info    0x00005d36     0x147a ./Dave/Generated/FREERTOS/queue.o
 .debug_info    0x000071b0     0x1e0e ./Dave/Generated/FREERTOS/tasks.o
 .debug_info    0x00008fbe      0xd4a ./Dave/Generated/FREERTOS/timers.o
 .debug_info    0x00009d08      0x5a6 ./Dave/Generated/DIGITAL_IO/digital_io.o
 .debug_info    0x0000a2ae      0x505 ./Dave/Generated/DIGITAL_IO/digital_io_conf.o
 .debug_info    0x0000a7b3      0x34b ./Dave/Generated/CPU_CTRL_XMC1/cpu_ctrl_xmc1_conf.o
 .debug_info    0x0000aafe      0x2d2 ./Dave/Generated/CLOCK_XMC1/clock_xmc1.o
 .debug_info    0x0000add0      0x35e ./Dave/Generated/CLOCK_XMC1/clock_xmc1_conf.o
 .debug_info    0x0000b12e      0x73d ./Dave/Generated/DAVE.o
 .debug_info    0x0000b86b      0x665 ./main.o

.debug_abbrev   0x00000000     0x2148
 *(.debug_abbrev)
 .debug_abbrev  0x00000000       0x12 ./Startup/startup_XMC1400.o
 .debug_abbrev  0x00000012      0x165 ./Startup/system_XMC1400.o
 .debug_abbrev  0x00000177      0x108 ./Libraries/XMCLib/src/xmc1_gpio.o
 .debug_abbrev  0x0000027f      0x2b2 ./Libraries/XMCLib/src/xmc1_scu.o
 .debug_abbrev  0x00000531      0x221 ./Libraries/XMCLib/src/xmc_ccu4.o
 .debug_abbrev  0x00000752      0x108 ./Libraries/XMCLib/src/xmc_gpio.o
 .debug_abbrev  0x0000085a      0x2a9 ./Libraries/XMCLib/src/xmc_math.o
 .debug_abbrev  0x00000b03       0xbd ./Libraries/Newlib/syscalls.o
 .debug_abbrev  0x00000bc0      0x185 ./Dave/Generated/GLOBAL_CCU4/global_ccu4.o
 .debug_abbrev  0x00000d45      0x104 ./Dave/Generated/GLOBAL_CCU4/global_ccu4_conf.o
 .debug_abbrev  0x00000e49      0x1fc ./Dave/Generated/FREERTOS/portable/GCC/port.o
 .debug_abbrev  0x00001045      0x192 ./Dave/Generated/FREERTOS/heap.o
 .debug_abbrev  0x000011d7      0x101 ./Dave/Generated/FREERTOS/list.o
 .debug_abbrev  0x000012d8      0x1f1 ./Dave/Generated/FREERTOS/queue.o
 .debug_abbrev  0x000014c9      0x26b ./Dave/Generated/FREERTOS/tasks.o
 .debug_abbrev  0x00001734      0x21a ./Dave/Generated/FREERTOS/timers.o
 .debug_abbrev  0x0000194e      0x126 ./Dave/Generated/DIGITAL_IO/digital_io.o
 .debug_abbrev  0x00001a74       0xdb ./Dave/Generated/DIGITAL_IO/digital_io_conf.o
 .debug_abbrev  0x00001b4f      0x119 ./Dave/Generated/CPU_CTRL_XMC1/cpu_ctrl_xmc1_conf.o
 .debug_abbrev  0x00001c68      0x10b ./Dave/Generated/CLOCK_XMC1/clock_xmc1.o
 .debug_abbrev  0x00001d73      0x12b ./Dave/Generated/CLOCK_XMC1/clock_xmc1_conf.o
 .debug_abbrev  0x00001e9e      0x133 ./Dave/Generated/DAVE.o
 .debug_abbrev  0x00001fd1      0x177 ./main.o

.debug_line     0x00000000     0x5d01
 *(.debug_line)
 .debug_line    0x00000000       0xe2 ./Startup/startup_XMC1400.o
 .debug_line    0x000000e2      0x24f ./Startup/system_XMC1400.o
 .debug_line    0x00000331      0x211 ./Libraries/XMCLib/src/xmc1_gpio.o
 .debug_line    0x00000542      0x649 ./Libraries/XMCLib/src/xmc1_scu.o
 .debug_line    0x00000b8b      0x5e8 ./Libraries/XMCLib/src/xmc_ccu4.o
 .debug_line    0x00001173      0x204 ./Libraries/XMCLib/src/xmc_gpio.o
 .debug_line    0x00001377      0x554 ./Libraries/XMCLib/src/xmc_math.o
 .debug_line    0x000018cb       0xd0 ./Libraries/Newlib/syscalls.o
 .debug_line    0x0000199b      0x312 ./Dave/Generated/GLOBAL_CCU4/global_ccu4.o
 .debug_line    0x00001cad      0x280 ./Dave/Generated/GLOBAL_CCU4/global_ccu4_conf.o
 .debug_line    0x00001f2d      0x3fa ./Dave/Generated/FREERTOS/portable/GCC/port.o
 .debug_line    0x00002327      0x3ab ./Dave/Generated/FREERTOS/heap.o
 .debug_line    0x000026d2      0x26c ./Dave/Generated/FREERTOS/list.o
 .debug_line    0x0000293e      0xb63 ./Dave/Generated/FREERTOS/queue.o
 .debug_line    0x000034a1      0xfc9 ./Dave/Generated/FREERTOS/tasks.o
 .debug_line    0x0000446a      0x582 ./Dave/Generated/FREERTOS/timers.o
 .debug_line    0x000049ec      0x272 ./Dave/Generated/DIGITAL_IO/digital_io.o
 .debug_line    0x00004c5e      0x1f8 ./Dave/Generated/DIGITAL_IO/digital_io_conf.o
 .debug_line    0x00004e56      0x21e ./Dave/Generated/CPU_CTRL_XMC1/cpu_ctrl_xmc1_conf.o
 .debug_line    0x00005074      0x2a0 ./Dave/Generated/CLOCK_XMC1/clock_xmc1.o
 .debug_line    0x00005314      0x277 ./Dave/Generated/CLOCK_XMC1/clock_xmc1_conf.o
 .debug_line    0x0000558b      0x369 ./Dave/Generated/DAVE.o
 .debug_line    0x000058f4      0x40d ./main.o

.debug_frame    0x00000000     0x264c
 *(.debug_frame)
 .debug_frame   0x00000000       0x9c ./Startup/system_XMC1400.o
 .debug_frame   0x0000009c       0x58 ./Libraries/XMCLib/src/xmc1_gpio.o
 .debug_frame   0x000000f4      0x53c ./Libraries/XMCLib/src/xmc1_scu.o
 .debug_frame   0x00000630      0x458 ./Libraries/XMCLib/src/xmc_ccu4.o
 .debug_frame   0x00000a88       0x54 ./Libraries/XMCLib/src/xmc_gpio.o
 .debug_frame   0x00000adc      0x380 ./Libraries/XMCLib/src/xmc_math.o
 .debug_frame   0x00000e5c       0x4c ./Libraries/Newlib/syscalls.o
 .debug_frame   0x00000ea8       0x70 ./Dave/Generated/GLOBAL_CCU4/global_ccu4.o
 .debug_frame   0x00000f18      0x17c ./Dave/Generated/FREERTOS/portable/GCC/port.o
 .debug_frame   0x00001094      0x104 ./Dave/Generated/FREERTOS/heap.o
 .debug_frame   0x00001198       0xb0 ./Dave/Generated/FREERTOS/list.o
 .debug_frame   0x00001248      0x57c ./Dave/Generated/FREERTOS/queue.o
 .debug_frame   0x000017c4      0x8a0 ./Dave/Generated/FREERTOS/tasks.o
 .debug_frame   0x00002064      0x34c ./Dave/Generated/FREERTOS/timers.o
 .debug_frame   0x000023b0       0x50 ./Dave/Generated/DIGITAL_IO/digital_io.o
 .debug_frame   0x00002400       0x2c ./Dave/Generated/CPU_CTRL_XMC1/cpu_ctrl_xmc1_conf.o
 .debug_frame   0x0000242c       0x70 ./Dave/Generated/CLOCK_XMC1/clock_xmc1.o
 .debug_frame   0x0000249c       0x34 ./Dave/Generated/CLOCK_XMC1/clock_xmc1_conf.o
 .debug_frame   0x000024d0       0x34 ./Dave/Generated/DAVE.o
 .debug_frame   0x00002504       0xd4 ./main.o
 .debug_frame   0x000025d8       0x2c c:/infineon/tools/dave ide/4.5.0.202105191637/eclipse/arm-gcc-49/bin/../lib/gcc/arm-none-eabi/4.9.3/../../../../arm-none-eabi/lib/armv6-m\libg_nano.a(lib_a-init.o)
 .debug_frame   0x00002604       0x28 c:/infineon/tools/dave ide/4.5.0.202105191637/eclipse/arm-gcc-49/bin/../lib/gcc/arm-none-eabi/4.9.3/../../../../arm-none-eabi/lib/armv6-m\libg_nano.a(lib_a-memcpy.o)
 .debug_frame   0x0000262c       0x20 c:/infineon/tools/dave ide/4.5.0.202105191637/eclipse/arm-gcc-49/bin/../lib/gcc/arm-none-eabi/4.9.3/../../../../arm-none-eabi/lib/armv6-m\libg_nano.a(lib_a-memset.o)

.debug_str      0x00000000     0x6e6f
 *(.debug_str)
 .debug_str     0x00000000      0x3e2 ./Startup/system_XMC1400.o
                                0x428 (size before relaxing)
 .debug_str     0x000003e2      0x696 ./Libraries/XMCLib/src/xmc1_gpio.o
                                0x8ef (size before relaxing)
 .debug_str     0x00000a78     0x1fed ./Libraries/XMCLib/src/xmc1_scu.o
                               0x23f2 (size before relaxing)
 .debug_str     0x00002a65     0x14fe ./Libraries/XMCLib/src/xmc_ccu4.o
                               0x19b8 (size before relaxing)
 .debug_str     0x00003f63       0xca ./Libraries/XMCLib/src/xmc_gpio.o
                                0x83d (size before relaxing)
 .debug_str     0x0000402d      0x701 ./Libraries/XMCLib/src/xmc_math.o
                                0x993 (size before relaxing)
 .debug_str     0x0000472e       0x6f ./Libraries/Newlib/syscalls.o
                                0x1f6 (size before relaxing)
 .debug_str     0x0000479d      0x1e0 ./Dave/Generated/GLOBAL_CCU4/global_ccu4.o
                                0x565 (size before relaxing)
 .debug_str     0x0000497d       0x3f ./Dave/Generated/GLOBAL_CCU4/global_ccu4_conf.o
                                0x479 (size before relaxing)
 .debug_str     0x000049bc      0x1bc ./Dave/Generated/FREERTOS/portable/GCC/port.o
                                0x3e4 (size before relaxing)
 .debug_str     0x00004b78      0x2d1 ./Dave/Generated/FREERTOS/heap.o
                                0x506 (size before relaxing)
 .debug_str     0x00004e49      0x134 ./Dave/Generated/FREERTOS/list.o
                                0x36e (size before relaxing)
 .debug_str     0x00004f7d      0x7b2 ./Dave/Generated/FREERTOS/queue.o
                                0xafd (size before relaxing)
 .debug_str     0x0000572f      0xe20 ./Dave/Generated/FREERTOS/tasks.o
                               0x1265 (size before relaxing)
 .debug_str     0x0000654f      0x534 ./Dave/Generated/FREERTOS/timers.o
                                0x8ca (size before relaxing)
 .debug_str     0x00006a83       0xdf ./Dave/Generated/DIGITAL_IO/digital_io.o
                                0xa29 (size before relaxing)
 .debug_str     0x00006b62       0x56 ./Dave/Generated/DIGITAL_IO/digital_io_conf.o
                                0x991 (size before relaxing)
 .debug_str     0x00006bb8       0x63 ./Dave/Generated/CPU_CTRL_XMC1/cpu_ctrl_xmc1_conf.o
                                0x32a (size before relaxing)
 .debug_str     0x00006c1b      0x144 ./Dave/Generated/CLOCK_XMC1/clock_xmc1.o
                                0x3ce (size before relaxing)
 .debug_str     0x00006d5f       0x50 ./Dave/Generated/CLOCK_XMC1/clock_xmc1_conf.o
                                0x606 (size before relaxing)
 .debug_str     0x00006daf       0x65 ./Dave/Generated/DAVE.o
                                0xc33 (size before relaxing)
 .debug_str     0x00006e14       0x5b ./main.o
                                0xa4d (size before relaxing)

.debug_loc      0x00000000     0x3df3
 *(.debug_loc)
 .debug_loc     0x00000000       0xdc ./Startup/system_XMC1400.o
 .debug_loc     0x000000dc       0x70 ./Libraries/XMCLib/src/xmc1_gpio.o
 .debug_loc     0x0000014c      0x876 ./Libraries/XMCLib/src/xmc1_scu.o
 .debug_loc     0x000009c2      0x770 ./Libraries/XMCLib/src/xmc_ccu4.o
 .debug_loc     0x00001132       0x70 ./Libraries/XMCLib/src/xmc_gpio.o
 .debug_loc     0x000011a2      0x5ec ./Libraries/XMCLib/src/xmc_math.o
 .debug_loc     0x0000178e       0x64 ./Libraries/Newlib/syscalls.o
 .debug_loc     0x000017f2       0xa8 ./Dave/Generated/GLOBAL_CCU4/global_ccu4.o
 .debug_loc     0x0000189a      0x1dc ./Dave/Generated/FREERTOS/portable/GCC/port.o
 .debug_loc     0x00001a76      0x19c ./Dave/Generated/FREERTOS/heap.o
 .debug_loc     0x00001c12      0x118 ./Dave/Generated/FREERTOS/list.o
 .debug_loc     0x00001d2a      0x968 ./Dave/Generated/FREERTOS/queue.o
 .debug_loc     0x00002692      0xec5 ./Dave/Generated/FREERTOS/tasks.o
 .debug_loc     0x00003557      0x598 ./Dave/Generated/FREERTOS/timers.o
 .debug_loc     0x00003aef       0x70 ./Dave/Generated/DIGITAL_IO/digital_io.o
 .debug_loc     0x00003b5f       0x2c ./Dave/Generated/CPU_CTRL_XMC1/cpu_ctrl_xmc1_conf.o
 .debug_loc     0x00003b8b       0xa8 ./Dave/Generated/CLOCK_XMC1/clock_xmc1.o
 .debug_loc     0x00003c33       0x38 ./Dave/Generated/CLOCK_XMC1/clock_xmc1_conf.o
 .debug_loc     0x00003c6b       0x38 ./Dave/Generated/DAVE.o
 .debug_loc     0x00003ca3      0x150 ./main.o

.debug_macinfo
 *(.debug_macinfo)

.debug_ranges   0x00000000      0x9f8
 *(.debug_ranges)
 .debug_ranges  0x00000000       0x20 ./Startup/startup_XMC1400.o
 .debug_ranges  0x00000020       0x30 ./Startup/system_XMC1400.o
 .debug_ranges  0x00000050       0x18 ./Libraries/XMCLib/src/xmc1_gpio.o
 .debug_ranges  0x00000068      0x150 ./Libraries/XMCLib/src/xmc1_scu.o
 .debug_ranges  0x000001b8      0x118 ./Libraries/XMCLib/src/xmc_ccu4.o
 .debug_ranges  0x000002d0       0x18 ./Libraries/XMCLib/src/xmc_gpio.o
 .debug_ranges  0x000002e8       0xe0 ./Libraries/XMCLib/src/xmc_math.o
 .debug_ranges  0x000003c8       0x18 ./Libraries/Newlib/syscalls.o
 .debug_ranges  0x000003e0       0x20 ./Dave/Generated/GLOBAL_CCU4/global_ccu4.o
 .debug_ranges  0x00000400       0x78 ./Dave/Generated/FREERTOS/portable/GCC/port.o
 .debug_ranges  0x00000478       0x48 ./Dave/Generated/FREERTOS/heap.o
 .debug_ranges  0x000004c0       0x30 ./Dave/Generated/FREERTOS/list.o
 .debug_ranges  0x000004f0      0x160 ./Dave/Generated/FREERTOS/queue.o
 .debug_ranges  0x00000650      0x230 ./Dave/Generated/FREERTOS/tasks.o
 .debug_ranges  0x00000880       0xd8 ./Dave/Generated/FREERTOS/timers.o
 .debug_ranges  0x00000958       0x18 ./Dave/Generated/DIGITAL_IO/digital_io.o
 .debug_ranges  0x00000970       0x10 ./Dave/Generated/CPU_CTRL_XMC1/cpu_ctrl_xmc1_conf.o
 .debug_ranges  0x00000980       0x20 ./Dave/Generated/CLOCK_XMC1/clock_xmc1.o
 .debug_ranges  0x000009a0       0x10 ./Dave/Generated/CLOCK_XMC1/clock_xmc1_conf.o
 .debug_ranges  0x000009b0       0x10 ./Dave/Generated/DAVE.o
 .debug_ranges  0x000009c0       0x38 ./main.o

.debug_weaknames
 *(.debug_weaknames)

.debug_funcnames
 *(.debug_funcnames)

.debug_typenames
 *(.debug_typenames)

.debug_varnames
 *(.debug_varnames)

.build_attributes
                0x00000000      0x4db
 *(.ARM.attributes)
 .ARM.attributes
                0x00000000       0x21 ./Startup/startup_XMC1400.o
 .ARM.attributes
                0x00000021       0x31 ./Startup/system_XMC1400.o
 .ARM.attributes
                0x00000052       0x31 ./Libraries/XMCLib/src/xmc1_gpio.o
 .ARM.attributes
                0x00000083       0x31 ./Libraries/XMCLib/src/xmc1_scu.o
 .ARM.attributes
                0x000000b4       0x31 ./Libraries/XMCLib/src/xmc_ccu4.o
 .ARM.attributes
                0x000000e5       0x31 ./Libraries/XMCLib/src/xmc_gpio.o
 .ARM.attributes
                0x00000116       0x31 ./Libraries/XMCLib/src/xmc_math.o
 .ARM.attributes
                0x00000147       0x31 ./Libraries/Newlib/syscalls.o
 .ARM.attributes
                0x00000178       0x31 ./Dave/Generated/GLOBAL_CCU4/global_ccu4.o
 .ARM.attributes
                0x000001a9       0x31 ./Dave/Generated/GLOBAL_CCU4/global_ccu4_conf.o
 .ARM.attributes
                0x000001da       0x31 ./Dave/Generated/FREERTOS/portable/GCC/port.o
 .ARM.attributes
                0x0000020b       0x31 ./Dave/Generated/FREERTOS/heap.o
 .ARM.attributes
                0x0000023c       0x31 ./Dave/Generated/FREERTOS/list.o
 .ARM.attributes
                0x0000026d       0x31 ./Dave/Generated/FREERTOS/queue.o
 .ARM.attributes
                0x0000029e       0x31 ./Dave/Generated/FREERTOS/tasks.o
 .ARM.attributes
                0x000002cf       0x31 ./Dave/Generated/FREERTOS/timers.o
 .ARM.attributes
                0x00000300       0x31 ./Dave/Generated/DIGITAL_IO/digital_io.o
 .ARM.attributes
                0x00000331       0x31 ./Dave/Generated/DIGITAL_IO/digital_io_conf.o
 .ARM.attributes
                0x00000362       0x31 ./Dave/Generated/CPU_CTRL_XMC1/cpu_ctrl_xmc1_conf.o
 .ARM.attributes
                0x00000393       0x31 ./Dave/Generated/CLOCK_XMC1/clock_xmc1.o
 .ARM.attributes
                0x000003c4       0x31 ./Dave/Generated/CLOCK_XMC1/clock_xmc1_conf.o
 .ARM.attributes
                0x000003f5       0x31 ./Dave/Generated/DAVE.o
 .ARM.attributes
                0x00000426       0x31 ./main.o
 .ARM.attributes
                0x00000457       0x2c c:/infineon/tools/dave ide/4.5.0.202105191637/eclipse/arm-gcc-49/bin/../lib/gcc/arm-none-eabi/4.9.3/../../../../arm-none-eabi/lib/armv6-m\libg_nano.a(lib_a-init.o)
 .ARM.attributes
                0x00000483       0x2c c:/infineon/tools/dave ide/4.5.0.202105191637/eclipse/arm-gcc-49/bin/../lib/gcc/arm-none-eabi/4.9.3/../../../../arm-none-eabi/lib/armv6-m\libg_nano.a(lib_a-memcpy.o)
 .ARM.attributes
                0x000004af       0x2c c:/infineon/tools/dave ide/4.5.0.202105191637/eclipse/arm-gcc-49/bin/../lib/gcc/arm-none-eabi/4.9.3/../../../../arm-none-eabi/lib/armv6-m\libg_nano.a(lib_a-memset.o)
OUTPUT(RTOS_Demo.elf elf32-littlearm)
